#
# There is insufficient memory for the Java Runtime Environment to continue.
# Native memory allocation (mmap) failed to map 130023424 bytes. Error detail: G1 virtual space
# Possible reasons:
#   The system is out of physical RAM or swap space
#   This process is running with CompressedOops enabled, and the Java Heap may be blocking the growth of the native heap
# Possible solutions:
#   Reduce memory load on the system
#   Increase physical memory or swap space
#   Check if swap backing store is full
#   Decrease Java heap size (-Xmx/-Xms)
#   Decrease number of Java threads
#   Decrease Java thread stack sizes (-Xss)
#   Set larger code cache with -XX:ReservedCodeCacheSize=
#   JVM is running with Unscaled Compressed Oops mode in which the Java heap is
#     placed in the first 4GB address space. The Java Heap base address is the
#     maximum limit for the native heap growth. Please use -XX:HeapBaseMinAddress
#     to set the Java Heap base and to place the Java Heap above 4GB virtual address.
# This output file may be truncated or incomplete.
#
#  Out of Memory Error (os_windows.cpp:3766), pid=35940, tid=14696
#
# JRE version:  (25.0.3) (build )
# Java VM: OpenJDK 64-Bit Server VM (25.0.3+-15898627-b508.16, mixed mode, sharing, tiered, compressed oops, compressed class ptrs, g1 gc, windows-amd64)
# No core dump will be written. Minidumps are not enabled by default on client versions of Windows
#

---------------  S U M M A R Y ------------

Command Line: org.jetbrains.kotlin.cli.jvm.K2JVMCompiler @C:\Users\Suporte\AndroidStudioProjects\CalculadoraCarrinho\app\build\20260929_10440691703166426694.compiler.options

Host: Intel(R) Celeron(R) N5100 @ 1.10GHz, 4 cores, 7G,  Windows 11 , 64 bit Build 26100 (10.0.26100.2161)
Time: Tue Sep 29 13:06:59 2026 Hora oficial do Brasil elapsed time: 0.889657 seconds (0d 0h 0m 0s)

---------------  T H R E A D  ---------------

Current thread (0x000001f5ed3dc480):  JavaThread "Unknown thread" [_thread_in_vm, id=14696, stack(0x0000008843e00000,0x0000008843f00000) (1024K)]

Stack: [0x0000008843e00000,0x0000008843f00000]
Native frames: (J=compiled Java code, j=interpreted, Vv=VM code, C=native code)
V  [jvm.dll+0x7bf039]  (no source info available)
V  [jvm.dll+0x78912d]  (no source info available)
V  [jvm.dll+0xa0e615]  (no source info available)
V  [jvm.dll+0xa10c94]  (no source info available)
V  [jvm.dll+0xa11393]  (no source info available)
V  [jvm.dll+0x30a116]  (no source info available)
V  [jvm.dll+0x7bb145]  (no source info available)
V  [jvm.dll+0x7adc17]  (no source info available)
V  [jvm.dll+0x3fea3b]  (no source info available)
V  [jvm.dll+0x406bf6]  (no source info available)
V  [jvm.dll+0x3f30a6]  (no source info available)
V  [jvm.dll+0x3f3388]  (no source info available)
V  [jvm.dll+0x3c8622]  (no source info available)
V  [jvm.dll+0x3c943e]  (no source info available)
V  [jvm.dll+0x9d36cf]  (no source info available)
V  [jvm.dll+0x464f42]  (no source info available)
V  [jvm.dll+0x9b74d2]  (no source info available)
V  [jvm.dll+0x507b3e]  (no source info available)
V  [jvm.dll+0x5093c1]  (no source info available)
C  [jli.dll+0x5401]  (no source info available)
C  [ucrtbase.dll+0x14ea0]  (no source info available)
C  [KERNEL32.DLL+0x2dbe7]  (no source info available)
C  [ntdll.dll+0xdfbec]  (no source info available)

Lock stack of current Java thread (top to bottom):


---------------  P R O C E S S  ---------------

Threads class SMR info:
_java_thread_list=0x00007ffd6bef1c08, length=0, elements={
}

Java Threads: ( => current thread )
Total: 0

Other Threads:
  0x000001f5eef95080 WorkerThread "GC Thread#0"                     [id=24364, stack(0x0000008843f00000,0x0000008844000000) (1024K)]
  0x000001f5eefaf760 ConcurrentGCThread "G1 Main Marker"            [id=26396, stack(0x0000008844000000,0x0000008844100000) (1024K)]
  0x000001f5eefb1110 WorkerThread "G1 Conc#0"                       [id=29312, stack(0x0000008844100000,0x0000008844200000) (1024K)]

[error occurred during error reporting (printing all threads), id 0xc0000005, EXCEPTION_ACCESS_VIOLATION (0xc0000005) at pc=0x00007ffd6b56dbba]
VM state: not at safepoint (not fully initialized)

VM Mutex/Monitor currently owned by a thread:  ([mutex/lock_event])
[0x00007ffd6bf77aa8] Heap_lock - owner thread: 0x000001f5ed3dc480

Heap address: 0x0000000084000000, size: 1984 MB, Compressed Oops mode: 32-bit

CDS archive(s) mapped at: [0x0000000000000000-0x0000000000000000-0x0000000000000000), size 0, SharedBaseAddress: 0x0000000800000000, ArchiveRelocationMode: 1.
UseCompressedClassPointers 1, UseCompactObjectHeaders 0
Narrow klass pointer bits 32, Max shift 3
Narrow klass base: 0xffffffffffffffff, Narrow klass shift: -1
Encoding Range: [0xffffffffffffffff - 0x000000007fffffff), (2147483648 bytes)
Klass Range:    [0x0000000000000000 - 0x0000000000000000), (0 bytes)
Klass ID Range:  [4294967295 - 0) (1)
No protection zone.

GC Precious Log:
 CardTable entry size: 512
 Card Set container configuration: InlinePtr #cards 5 size 8 Array Of Cards #cards 10 size 36 Howl #buckets 4 coarsen threshold 1843 Howl Bitmap #cards 512 size 80 coarsen threshold 460 Card regions per heap region 1 cards per card region 2048

Heap:
 garbage-first heap   total reserved 2031616K, committed 0K, used 0K [0x0000000084000000, 0x0000000100000000)
  region size 1024K, 0 young (0K), 0 survivors (0K)

Heap Regions: E=young(eden), S=young(survivor), O=old, HS=humongous(starts), HC=humongous(continues), CS=collection set, F=free, TAMS=top-at-mark-start, PB=parsable bottom

Card table byte_map: [0x000001f5f2f10000,0x000001f5f32f0000] _byte_map_base: 0x000001f5f2af0000

Marking Bits: (CMBitMap*) 0x000001f5eef97a20
 Bits: [0x000001f5f32f0000, 0x000001f5f51f0000)

GC Heap Usage History (0 events):
No events

Metaspace Usage History (0 events):
No events

Dll operation events (1 events):
Event: 0.675 Loaded shared library C:\Program Files\Android\Android Studio\jbr\bin\java.dll

Deoptimization events (0 events):
No events

Classes loaded (0 events):
No events

Classes unloaded (0 events):
No events

Classes redefined (0 events):
No events

Internal exceptions (0 events):
No events

VM Operations (0 events):
No events

Memory protections (0 events):
No events

Nmethod flushes (0 events):
No events

Events (0 events):
No events


Dynamic libraries:
0x00007ff682b10000 - 0x00007ff682b1a000 	C:\Program Files\Android\Android Studio\jbr\bin\java.exe
0x00007ffdc0420000 - 0x00007ffdc0683000 	C:\Windows\SYSTEM32\ntdll.dll
0x00007ffdbe2c0000 - 0x00007ffdbe388000 	C:\Windows\System32\KERNEL32.DLL
0x00007ffdbd960000 - 0x00007ffdbdd11000 	C:\Windows\System32\KERNELBASE.dll
0x00007ffdba120000 - 0x00007ffdba1bc000 	C:\Windows\SYSTEM32\apphelp.dll
0x00007ffdbe010000 - 0x00007ffdbe15b000 	C:\Windows\System32\ucrtbase.dll
0x00007ffd9eac0000 - 0x00007ffd9ead6000 	C:\Program Files\Android\Android Studio\jbr\bin\jli.dll
0x00007ffdbfbe0000 - 0x00007ffdbfda8000 	C:\Windows\System32\USER32.dll
0x00007ffdbdf20000 - 0x00007ffdbdf47000 	C:\Windows\System32\win32u.dll
0x00007ffdbe290000 - 0x00007ffdbe2ba000 	C:\Windows\System32\GDI32.dll
0x00007ffdbe160000 - 0x00007ffdbe285000 	C:\Windows\System32\gdi32full.dll
0x00007ffdbd8b0000 - 0x00007ffdbd953000 	C:\Windows\System32\msvcp_win.dll
0x00007ffdaf5d0000 - 0x00007ffdaf5eb000 	C:\Program Files\Android\Android Studio\jbr\bin\VCRUNTIME140.dll
0x00007ffda84d0000 - 0x00007ffda8760000 	C:\Windows\WinSxS\amd64_microsoft.windows.common-controls_6595b64144ccf1df_6.0.26100.2161_none_3e0cadb0e33078e1\COMCTL32.dll
0x00007ffdbec80000 - 0x00007ffdbed29000 	C:\Windows\System32\msvcrt.dll
0x00007ffdbe540000 - 0x00007ffdbe56f000 	C:\Windows\System32\IMM32.DLL
0x00007ffdb5ff0000 - 0x00007ffdb5ffc000 	C:\Program Files\Android\Android Studio\jbr\bin\vcruntime140_1.dll
0x00007ffd9a4b0000 - 0x00007ffd9a53d000 	C:\Program Files\Android\Android Studio\jbr\bin\msvcp140.dll
0x00007ffd6b190000 - 0x00007ffd6c06d000 	C:\Program Files\Android\Android Studio\jbr\bin\server\jvm.dll
0x00007ffdbfe10000 - 0x00007ffdbfec4000 	C:\Windows\System32\ADVAPI32.dll
0x00007ffdbe460000 - 0x00007ffdbe506000 	C:\Windows\System32\sechost.dll
0x00007ffdc02c0000 - 0x00007ffdc03d6000 	C:\Windows\System32\RPCRT4.dll
0x00007ffdbec00000 - 0x00007ffdbec74000 	C:\Windows\System32\WS2_32.dll
0x00007ffdbd6a0000 - 0x00007ffdbd6ee000 	C:\Windows\SYSTEM32\POWRPROF.dll
0x00007ffdac710000 - 0x00007ffdac746000 	C:\Windows\SYSTEM32\WINMM.dll
0x00007ffdb57c0000 - 0x00007ffdb57cb000 	C:\Windows\SYSTEM32\VERSION.dll
0x00007ffdbd680000 - 0x00007ffdbd694000 	C:\Windows\SYSTEM32\UMPDC.dll
0x00007ffdbc4f0000 - 0x00007ffdbc50a000 	C:\Windows\SYSTEM32\kernel.appcore.dll
0x00007ffdb2ae0000 - 0x00007ffdb2aea000 	C:\Program Files\Android\Android Studio\jbr\bin\jimage.dll
0x00007ffdbacc0000 - 0x00007ffdbaf01000 	C:\Windows\SYSTEM32\DBGHELP.DLL
0x00007ffdbe580000 - 0x00007ffdbe8fd000 	C:\Windows\System32\combase.dll
0x00007ffdbe960000 - 0x00007ffdbea36000 	C:\Windows\System32\OLEAUT32.dll
0x00007ffda8790000 - 0x00007ffda87c9000 	C:\Windows\SYSTEM32\dbgcore.DLL
0x00007ffdbd810000 - 0x00007ffdbd8a9000 	C:\Windows\System32\bcryptPrimitives.dll
0x00007ffdad0a0000 - 0x00007ffdad0be000 	C:\Program Files\Android\Android Studio\jbr\bin\java.dll
0x00007ffdbea60000 - 0x00007ffdbebf9000 	C:\Windows\System32\ole32.dll
0x00007ffdbf1c0000 - 0x00007ffdbf8bf000 	C:\Windows\System32\SHELL32.dll

JVMTI agents: none

dbghelp: loaded successfully - version: 4.0.5 - missing functions: none
symbol engine: initialized successfully - sym options: 0x614 - pdb path: .;C:\Program Files\Android\Android Studio\jbr\bin;C:\Windows\SYSTEM32;C:\Windows\WinSxS\amd64_microsoft.windows.common-controls_6595b64144ccf1df_6.0.26100.2161_none_3e0cadb0e33078e1;C:\Program Files\Android\Android Studio\jbr\bin\server

VM Arguments:
java_command: org.jetbrains.kotlin.cli.jvm.K2JVMCompiler @C:\Users\Suporte\AndroidStudioProjects\CalculadoraCarrinho\app\build\20260929_10440691703166426694.compiler.options
java_class_path (initial): C:\Users\Suporte\.gradle\caches\modules-2\files-2.1\org.jetbrains.kotlin\kotlin-compiler-embeddable\2.2.10\6882d39ef03b18879c1a5d2a83c2212361bed5fe\kotlin-compiler-embeddable-2.2.10.jar;C:\Users\Suporte\.gradle\caches\modules-2\files-2.1\org.jetbrains.kotlin\kotlin-stdlib\2.2.10\30de6faa127a4a012db8e71bf1b9c0a99b1402b2\kotlin-stdlib-2.2.10.jar;C:\Users\Suporte\.gradle\caches\modules-2\files-2.1\org.jetbrains.kotlin\kotlin-script-runtime\2.2.10\712f9bc08f378c13a4a00f0bbb28c76e59183e83\kotlin-script-runtime-2.2.10.jar;C:\Users\Suporte\.gradle\caches\modules-2\files-2.1\org.jetbrains.kotlin\kotlin-reflect\1.6.10\1cbe9c92c12a94eea200d23c2bbaedaf3daf5132\kotlin-reflect-1.6.10.jar;C:\Users\Suporte\.gradle\caches\modules-2\files-2.1\org.jetbrains.kotlin\kotlin-daemon-embeddable\2.2.10\212fd3c2c6e4e5d0f4db3c4191233e2b622380cc\kotlin-daemon-embeddable-2.2.10.jar;C:\Users\Suporte\.gradle\caches\modules-2\files-2.1\org.jetbrains.kotlinx\kotlinx-coroutines-core-jvm\1.8.0\ac1dc37a30a93150b704022f8d895ee1bd3a36b3\kotlinx-coroutines-core-jvm-1.8.0.jar;C:\Users\Suporte\.gradle\caches\modules-2\files-2.1\org.jetbrains\annotations\13.0\919f0dfe192fb4e063e7dacadee7f8bb9a2672a9\annotations-13.0.jar
Launcher Type: SUN_STANDARD

[Global flags]
     intx CICompilerCount                          = 3                                         {product} {ergonomic}
     uint ConcGCThreads                            = 1                                         {product} {ergonomic}
     uint G1ConcRefinementThreads                  = 4                                         {product} {ergonomic}
   size_t G1HeapRegionSize                         = 1048576                                   {product} {ergonomic}
   size_t InitialHeapSize                          = 130023424                                 {product} {ergonomic}
   size_t MarkStackSize                            = 4194304                                   {product} {ergonomic}
   size_t MarkStackSizeMax                         = 536870912                                 {product} {ergonomic}
   size_t MaxHeapSize                              = 2080374784                                {product} {ergonomic}
   size_t MinHeapDeltaBytes                        = 1048576                                   {product} {ergonomic}
   size_t MinHeapSize                              = 8388608                                   {product} {ergonomic}
    uintx NonNMethodCodeHeapSize                   = 5898240                                {pd product} {ergonomic}
    uintx NonProfiledCodeHeapSize                  = 122945536                              {pd product} {ergonomic}
    uintx ProfiledCodeHeapSize                     = 122945536                              {pd product} {ergonomic}
    uintx ReservedCodeCacheSize                    = 251789312                              {pd product} {ergonomic}
     bool SegmentedCodeCache                       = true                                      {product} {ergonomic}
   size_t SoftMaxHeapSize                          = 2080374784                             {manageable} {ergonomic}
     bool UseCompressedOops                        = true                           {product lp64_product} {ergonomic}
     bool UseG1GC                                  = true                                      {product} {ergonomic}
     bool UseLargePagesIndividualAllocation        = false                                  {pd product} {ergonomic}

Logging:
Log output configuration:
 #0: stdout all=warning uptime,level,tags foldmultilines=false
 #1: stderr all=off uptime,level,tags foldmultilines=false

Release file:
<release file has not been read>
Environment Variables:
PATH=C:\Program Files (x86)\Common Files\Oracle\Java\java8path;C:\Program Files (x86)\Common Files\Oracle\Java\javapath;C:\Windows\system32;C:\Windows;C:\Windows\System32\Wbem;C:\Windows\System32\WindowsPowerShell\v1.0\;C:\Windows\System32\OpenSSH\;C:\Program Files\Microsoft VS Code\bin;C:\Program Files\Git\cmd;C:\Program Files\MySQL\MySQL Shell 8.0\bin\;C:\Users\Suporte\AppData\Local\Programs\Python\Python314\Scripts\;C:\Users\Suporte\AppData\Local\Programs\Python\Python314\;C:\Users\Suporte\AppData\Local\Programs\Python\Launcher\;C:\Users\Suporte\AppData\Local\Microsoft\WindowsApps;C:\Users\Suporte\AppData\Local\Programs\Microsoft VS Code\bin
USERNAME=Suporte
OS=Windows_NT
PROCESSOR_IDENTIFIER=Intel64 Family 6 Model 156 Stepping 0, GenuineIntel
TMP=C:\Users\Suporte\AppData\Local\Temp
TEMP=C:\Users\Suporte\AppData\Local\Temp




Compilation memory statistics disabled.

Periodic native trim disabled

JNI global refs:
JNI global refs: 0, weak refs: 0

JNI global refs memory usage: 0, weak refs: 0

Process memory usage:
Resident Set Size: 14336K (0% of 8124892K total physical memory with 586788K free physical memory)

OOME stack traces (most recent first):
Classloader memory used:

---------------  S Y S T E M  ---------------

OS:
 Windows 11 , 64 bit Build 26100 (10.0.26100.2161)
OS uptime: 19 days 4:38 hours
Hyper-V role detected

CPU: total 4 (initial active 4) (4 cores per cpu, 1 threads per core) family 6 model 156 stepping 0 microcode 0x2400001f, cx8, cmov, fxsr, mmx, 3dnowpref, sse, sse2, sse3, ssse3, sse4.1, sse4.2, popcnt, tsc, tscinvbit, aes, erms, clmul, sha, clflush, clflushopt, clwb, hv, rdtscp, rdpid
Processor Information for the first 4 processors :
  Max Mhz: 1101, Current Mhz: 1101, Mhz Limit: 1101

Memory: 4k page, system-wide physical 7934M (573M free)
TotalPageFile size 22829M (AvailPageFile size 74M)
current process WorkingSet (physical memory assigned to process): 14M, peak: 14M
current process commit charge ("private bytes"): 52M, peak: 176M

vm_info: OpenJDK 64-Bit Server VM (25.0.3+-15898627-b508.16) for windows-amd64 JRE (25.0.3+-15898627-b508.16), built on 2026-07-20T17:54:23Z with MS VC++ 16.10 / 16.11 (VS2019)

END.
